
=== PX4 瀹夎渚濊禆骞剁紪璇?fmu-v5 ===
椤圭洰鐩綍: D:\FCS\PX4-Autopilot-1.15.4
